[creditopopularemprestimos.com.br/index.html]
[backblue.gif]
[fade.gif]
[index.html]
[creditopopularemprestimos.com.br/wp-content/plugins/jeg-elementor-kit/assets/css/elements/mainc141.css]
[creditopopularemprestimos.com.br/wp-includes/css/dist/block-library/style.mine63c.css]
[creditopopularemprestimos.com.br/wp-content/plugins/jet-engine/assets/css/frontendbf8c.css]
[creditopopularemprestimos.com.br/feed/index.html]
[creditopopularemprestimos.com.br/wp-content/plugins/elementor/assets/lib/eicons/css/elementor-icons.min91ce.css]
[creditopopularemprestimos.com.br/wp-content/plugins/elementor/assets/css/frontend-lite.min3621.css]
[creditopopularemprestimos.com.br/comments/feed/index.html]
[creditopopularemprestimos.com.br/wp-content/uploads/elementor/css/post-9b469.css]
[creditopopularemprestimos.com.br/wp-content/plugins/elementor-pro/assets/css/frontend-lite.minac9e.css]
[creditopopularemprestimos.com.br/wp-content/uploads/elementor/css/global396b.css]
[creditopopularemprestimos.com.br/wp-content/uploads/elementor/css/post-104a3d.css]
[creditopopularemprestimos.com.br/wp-content/themes/hello-elementor/style.min0875.css]
[creditopopularemprestimos.com.br/wp-content/themes/hello-elementor/theme.min0875.css]
[creditopopularemprestimos.com.br/wp-content/uploads/elementor/css/post-16f2f9.css]
[creditopopularemprestimos.com.br/wp-content/uploads/elementor/css/post-163f2f9.css]
[creditopopularemprestimos.com.br/wp-content/plugins/essential-addons-for-elementor-lite/assets/front-end/css/view/general.min03e2.css]
[creditopopularemprestimos.com.br/wp-content/plugins/elementor/assets/lib/font-awesome/css/fontawesome.min52d5.css]
[creditopopularemprestimos.com.br/wp-content/plugins/elementor/assets/lib/font-awesome/css/solid.min52d5.css]
[creditopopularemprestimos.com.br/wp-content/plugins/elementor/assets/lib/font-awesome/css/brands.min52d5.css]
[creditopopularemprestimos.com.br/wp-includes/js/jquery/jquery.minf43b.js]
[creditopopularemprestimos.com.br/wp-includes/js/jquery/jquery-migrate.min5589.js]
[creditopopularemprestimos.com.br/wp-json/index.html]
[creditopopularemprestimos.com.br/wp-json/wp/v2/pages/10.json]
[creditopopularemprestimos.com.br/xmlrpc0db0.php]
[creditopopularemprestimos.com.br/wp-json/oembed/1.0/embeddd4d.json]
[creditopopularemprestimos.com.br/wp-json/oembed/1.0/embeda600]
[connect.facebook.net/en_US/fbevents.js]
[creditopopularemprestimos.com.br/wp-content/plugins/webp-express/js/picturefill.min.js]
[creditopopularemprestimos.com.br/wp-content/uploads/2022/03/cropped-Fav-icon-Credito-Popular-32x32.png]
[creditopopularemprestimos.com.br/wp-content/uploads/2022/03/cropped-Fav-icon-Credito-Popular-192x192.png]
[creditopopularemprestimos.com.br/wp-content/uploads/2022/03/cropped-Fav-icon-Credito-Popular-180x180.png]
[creditopopularemprestimos.com.br/wp-content/uploads/2022/02/cropped-Logo-Credito-Popular-Emprestimos-01.png]
[creditopopularemprestimos.com.br/wp-content/plugins/elementor-pro/assets/css/widget-nav-menu.min.css]
[creditopopularemprestimos.com.br/wp-content/uploads/2023/03/Banner-desktop.jpg]
[creditopopularemprestimos.com.br/wp-content/uploads/2023/03/New-Banner-mobile.jpg]
[creditopopularemprestimos.com.br/agencias/index.html]
[creditopopularemprestimos.com.br/wp-content/plugins/elementor/assets/css/widget-icon-box.min.css]
[creditopopularemprestimos.com.br/wp-content/plugins/elementor/assets/css/widget-icon-list.min.css]
[creditopopularemprestimos.com.br/wp-content/themes/hello-elementor/assets/js/hello-frontend.min8a54.js]
[creditopopularemprestimos.com.br/wp-content/plugins/elementor/assets/js/webpack.runtime.min3621.js]
[creditopopularemprestimos.com.br/representante-legal/index.html]
[creditopopularemprestimos.com.br/wp-content/plugins/elementor/assets/js/frontend-modules.min3621.js]
[creditopopularemprestimos.com.br/wp-content/plugins/elementor/assets/lib/waypoints/waypoints.min05da.js]
[creditopopularemprestimos.com.br/wp-includes/js/jquery/ui/core.min3f14.js]
[creditopopularemprestimos.com.br/wp-content/plugins/elementor/assets/js/frontend.min3621.js]
[creditopopularemprestimos.com.br/fale-conosco/index.html]
[creditopopularemprestimos.com.br/sobre-nos/index.html]
[creditopopularemprestimos.com.br/wp-content/plugins/jeg-elementor-kit/assets/js/elements/sticky-elementc141.js]
[creditopopularemprestimos.com.br/wp-content/plugins/essential-addons-for-elementor-lite/assets/front-end/js/view/general.min03e2.js]
[creditopopularemprestimos.com.br/wp-content/plugins/elementor-pro/assets/lib/smartmenus/jquery.smartmenus.minf269.js]
[creditopopularemprestimos.com.br/wp-content/plugins/elementor-pro/assets/js/webpack-pro.runtime.minac9e.js]
[creditopopularemprestimos.com.br/wp-includes/js/dist/vendor/wp-polyfill-inert.min0226.js]
[creditopopularemprestimos.com.br/wp-includes/js/dist/vendor/regenerator-runtime.min6c85.js]
[creditopopularemprestimos.com.br/wp-includes/js/dist/vendor/wp-polyfill.min2c7c.js]
[creditopopularemprestimos.com.br/wp-includes/js/dist/hooks.min2757.js]
[creditopopularemprestimos.com.br/wp-includes/js/dist/i18n.minc33c.js]
[creditopopularemprestimos.com.br/wp-content/plugins/elementor-pro/assets/js/frontend.minac9e.js]
[creditopopularemprestimos.com.br/wp-content/plugins/elementor-pro/assets/js/elements-handlers.minac9e.js]
[creditopopularemprestimos.com.br/index.html]
[creditopopularemprestimos.com.br/wp-content/plugins/jeg-elementor-kit/assets/img/letter-x.svg]
[creditopopularemprestimos.com.br/wp-content/plugins/jeg-elementor-kit/assets/css/elements/mainc141.css]
[creditopopularemprestimos.com.br/wp-includes/css/dist/block-library/style.mine63c.css]
[creditopopularemprestimos.com.br/wp-content/plugins/jet-engine/assets/css/frontendbf8c.css]
[creditopopularemprestimos.com.br/wp-content/plugins/elementor/assets/lib/eicons/fonts/eicons1075.woff2]
[creditopopularemprestimos.com.br/wp-content/plugins/elementor/assets/lib/eicons/fonts/eicons1075.eot]
[creditopopularemprestimos.com.br/wp-content/plugins/elementor/assets/lib/eicons/fonts/eicons1075.woff]
[creditopopularemprestimos.com.br/wp-content/plugins/elementor/assets/lib/eicons/css/elementor-icons.min91ce.css]
[creditopopularemprestimos.com.br/wp-content/plugins/elementor/assets/css/frontend-lite.min3621.css]
[creditopopularemprestimos.com.br/wp-content/uploads/elementor/css/post-9b469.css]
[creditopopularemprestimos.com.br/wp-content/plugins/elementor-pro/assets/css/frontend-lite.minac9e.css]
[creditopopularemprestimos.com.br/wp-content/uploads/elementor/css/global396b.css]
[creditopopularemprestimos.com.br/wp-content/plugins/elementor/assets/lib/eicons/fonts/eicons1075.svg]
[creditopopularemprestimos.com.br/wp-content/plugins/elementor/assets/lib/eicons/fonts/eicons1075.ttf]
[creditopopularemprestimos.com.br/wp-content/uploads/2022/02/Tall-Chai-Brahma-Black.ttf]
[creditopopularemprestimos.com.br/wp-content/uploads/2022/02/Tall-Chai-Brahma-Bold.ttf]
[creditopopularemprestimos.com.br/wp-content/uploads/elementor/css/post-104a3d.css]
[creditopopularemprestimos.com.br/wp-content/themes/hello-elementor/style.min0875.css]
[creditopopularemprestimos.com.br/wp-content/themes/hello-elementor/theme.min0875.css]
[creditopopularemprestimos.com.br/wp-content/uploads/elementor/css/post-16f2f9.css]
[creditopopularemprestimos.com.br/wp-content/uploads/elementor/css/post-163f2f9.css]
[creditopopularemprestimos.com.br/wp-content/plugins/essential-addons-for-elementor-lite/assets/front-end/css/view/general.min03e2.css]
[creditopopularemprestimos.com.br/wp-content/plugins/elementor/assets/lib/font-awesome/css/fontawesome.min52d5.css]
[creditopopularemprestimos.com.br/wp-content/uploads/2022/02/Tall-Chai-Brahma-Medium.ttf]
[creditopopularemprestimos.com.br/wp-content/uploads/2022/02/Tall-Chai-Brahma-Light.ttf]
[creditopopularemprestimos.com.br/wp-content/plugins/elementor/assets/lib/font-awesome/webfonts/fa-solid-900.woff2]
[creditopopularemprestimos.com.br/wp-content/uploads/2022/02/Tall-Chai-Brahma-ExtraLight.ttf]
[creditopopularemprestimos.com.br/wp-content/plugins/elementor/assets/lib/font-awesome/webfonts/fa-solid-900d41d.eot]
[creditopopularemprestimos.com.br/wp-content/plugins/elementor/assets/lib/font-awesome/webfonts/fa-solid-900.eot]
[creditopopularemprestimos.com.br/wp-content/plugins/elementor/assets/lib/font-awesome/webfonts/fa-solid-900.woff]
[creditopopularemprestimos.com.br/wp-content/plugins/elementor/assets/lib/font-awesome/css/solid.min52d5.css]
[creditopopularemprestimos.com.br/wp-content/plugins/elementor/assets/lib/font-awesome/webfonts/fa-brands-400.eot]
[creditopopularemprestimos.com.br/wp-content/plugins/elementor/assets/lib/font-awesome/webfonts/fa-solid-900.svg]
[creditopopularemprestimos.com.br/wp-content/plugins/elementor/assets/lib/font-awesome/webfonts/fa-brands-400.woff2]
[creditopopularemprestimos.com.br/wp-content/plugins/elementor/assets/lib/font-awesome/webfonts/fa-brands-400d41d.eot]
[creditopopularemprestimos.com.br/wp-content/plugins/elementor/assets/lib/font-awesome/webfonts/fa-brands-400.woff]
[creditopopularemprestimos.com.br/wp-content/plugins/elementor/assets/lib/font-awesome/webfonts/fa-solid-900.ttf]
[creditopopularemprestimos.com.br/wp-content/plugins/elementor/assets/lib/font-awesome/webfonts/fa-brands-400.ttf]
[creditopopularemprestimos.com.br/wp-content/plugins/elementor/assets/lib/font-awesome/css/brands.min52d5.css]
[creditopopularemprestimos.com.br/wp-content/plugins/elementor/assets/lib/font-awesome/webfonts/fa-brands-400.svg]
[creditopopularemprestimos.com.br/POST]
[creditopopularemprestimos.com.br/b.resolvedLink]
[creditopopularemprestimos.com.br/schema.org/index.html]
[creditopopularemprestimos.com.br/signals/iwl.js]
[connect.facebook.net/en_US/fbevents.js]
[www.googletagmanager.com/gtm5445.html]
[creditopopularemprestimos.com.br/wp-content/plugins/elementor-pro/assets/css/widget-nav-menu.min.css]
[creditopopularemprestimos.com.br/wp-content/uploads/elementor/css/post-5585cfb.css]
[creditopopularemprestimos.com.br/wp-json/wp/v2/pages/558.json]
[creditopopularemprestimos.com.br/wp-json/oembed/1.0/embed8971.json]
[creditopopularemprestimos.com.br/wp-json/oembed/1.0/embedc35b]
[creditopopularemprestimos.com.br/anicuns.html]
[creditopopularemprestimos.com.br/caldas-novas.html]
[creditopopularemprestimos.com.br/ceres.html]
[creditopopularemprestimos.com.br/crixas.html]
[creditopopularemprestimos.com.br/goiatuba.html]
[creditopopularemprestimos.com.br/goianesia.html]
[creditopopularemprestimos.com.br/goias.html]
[creditopopularemprestimos.com.br/inhumas.html]
[creditopopularemprestimos.com.br/itaberai.html]
[creditopopularemprestimos.com.br/itapuranga.html]
[creditopopularemprestimos.com.br/itaucu.html]
[creditopopularemprestimos.com.br/jaragua.html]
[creditopopularemprestimos.com.br/jatai.html]
[creditopopularemprestimos.com.br/minacu.html]
[creditopopularemprestimos.com.br/mineiros.html]
[creditopopularemprestimos.com.br/morrinhos.html]
[creditopopularemprestimos.com.br/mozarlandia.html]
[creditopopularemprestimos.com.br/niquelandia.html]
[creditopopularemprestimos.com.br/quirinopolis.html]
[creditopopularemprestimos.com.br/sao-luis-de-montes-belos.html]
[creditopopularemprestimos.com.br/sao-miguel-do-araguaia.html]
[creditopopularemprestimos.com.br/trindade.html]
[creditopopularemprestimos.com.br/agencias/index.html]
[creditopopularemprestimos.com.br/uruacu.html]
[creditopopularemprestimos.com.br/wp-content/uploads/elementor/css/post-989619e.css]
[creditopopularemprestimos.com.br/wp-content/plugins/elementor/assets/lib/font-awesome/css/regular.min52d5.css]
[creditopopularemprestimos.com.br/wp-json/wp/v2/pages/989.json]
[creditopopularemprestimos.com.br/wp-json/oembed/1.0/embed4159.json]
[creditopopularemprestimos.com.br/wp-json/oembed/1.0/embed3e6b]
[creditopopularemprestimos.com.br/wp-content/uploads/2022/11/banner-01-837x1024.jpg]
[creditopopularemprestimos.com.br/wp-content/uploads/2022/11/banner-03-816x1024.jpg]
[creditopopularemprestimos.com.br/representante-legal/index.html]
[creditopopularemprestimos.com.br/wp-content/uploads/elementor/css/post-171e23f.css]
[creditopopularemprestimos.com.br/wp-json/wp/v2/pages/171.json]
[creditopopularemprestimos.com.br/wp-json/oembed/1.0/embed0bcc.json]
[creditopopularemprestimos.com.br/wp-json/oembed/1.0/embed03a6]
[creditopopularemprestimos.com.br/wp-content/uploads/2022/03/Logo02-3RN-300x216.png]
[creditopopularemprestimos.com.br/sobre-nos/index.html]
[creditopopularemprestimos.com.br/wp-content/uploads/elementor/css/post-598bdbc.css]
[creditopopularemprestimos.com.br/wp-json/wp/v2/pages/598.json]
[creditopopularemprestimos.com.br/wp-json/oembed/1.0/embedccef.json]
[creditopopularemprestimos.com.br/fale-conosco/index.html]
[creditopopularemprestimos.com.br/wp-content/plugins/elementor/assets/css/widget-icon-box.min.css]
[creditopopularemprestimos.com.br/wp-content/plugins/elementor/assets/css/widget-icon-list.min.css]
[creditopopularemprestimos.com.br/wp-content/plugins/jeg-elementor-kit/lib/jeg-framework/assets/css/jeg-dynamic-styles077c.css]
[creditopopularemprestimos.com.br/indexe2f2.html]
[creditopopularemprestimos.com.br/wp-content/plugins/jeg-elementor-kit/assets/img/letter-x.svg]
[creditopopularemprestimos.com.br/wp-json/oembed/1.0/embed7047]
[creditopopularemprestimos.com.br/wp-content/plugins/elementor/assets/lib/eicons/fonts/eicons1075.svg]
[creditopopularemprestimos.com.br/wp-content/plugins/elementor/assets/lib/font-awesome/webfonts/fa-solid-900.svg]
[creditopopularemprestimos.com.br/wp-content/plugins/elementor/assets/lib/font-awesome/webfonts/fa-brands-400.svg]
[creditopopularemprestimos.com.br/POST.html]
[creditopopularemprestimos.com.br/schema.org/index.html]
[creditopopularemprestimos.com.br/b.html]
[creditopopularemprestimos.com.br/signals/iwl.html]
[creditopopularemprestimos.com.br/wp-content/uploads/2022/03/Loja-Credito-Popular.jpg]
[creditopopularemprestimos.com.br/wp-content/uploads/elementor/css/post-5585cfb.css]
[creditopopularemprestimos.com.br/index193e.html]
[creditopopularemprestimos.com.br/wp-content/uploads/essential-addons-elementor/eael-1137af38.css]
[creditopopularemprestimos.com.br/wp-content/plugins/essential-addons-for-elementor-lite/assets/admin/images/templately/logo-icon.svg]
[creditopopularemprestimos.com.br/wp-content/uploads/elementor/css/post-1137fae8.css]
[creditopopularemprestimos.com.br/wp-content/plugins/jeg-elementor-kit/assets/fonts/jkiticon/jkiticonc141.css]
[creditopopularemprestimos.com.br/wp-json/wp/v2/lojas/1151.json]
[creditopopularemprestimos.com.br/wp-json/oembed/1.0/embed60a0]
[creditopopularemprestimos.com.br/wp-json/oembed/1.0/embede3e8]
[creditopopularemprestimos.com.br/wp-content/uploads/2022/02/cropped-Logo-Credito-Popular-Emprestimos-01-300x86.png]
[creditopopularemprestimos.com.br/wp-content/uploads/2023/06/check.png.webp]
[creditopopularemprestimos.com.br/wp-content/uploads/2023/06/Banner-Web.jpg]
[creditopopularemprestimos.com.br/wp-content/uploads/2023/06/Banner-mobile.jpg]
[creditopopularemprestimos.com.br/wp-content/plugins/elementor/assets/lib/font-awesome/css/all.min03e2.css]
[creditopopularemprestimos.com.br/wp-content/plugins/elementor/assets/lib/font-awesome/css/v4-shims.min03e2.css]
[creditopopularemprestimos.com.br/wp-content/uploads/essential-addons-elementor/eael-1137af38.js]
[creditopopularemprestimos.com.br/wp-content/plugins/elementor/assets/lib/font-awesome/js/v4-shims.min03e2.js]
[creditopopularemprestimos.com.br/wp-content/plugins/make-column-clickable-elementor/assets/js/make-column-clickable2fca.js]
[creditopopularemprestimos.com.br/anicuns.html]
[creditopopularemprestimos.com.br/wp-content/uploads/essential-addons-elementor/eael-11379e74.css]
[creditopopularemprestimos.com.br/wp-json/wp/v2/lojas/1211.json]
[creditopopularemprestimos.com.br/wp-json/oembed/1.0/embed07ae]
[creditopopularemprestimos.com.br/wp-json/oembed/1.0/embedc6b0]
[creditopopularemprestimos.com.br/wp-content/uploads/essential-addons-elementor/eael-11379e74.js]
[creditopopularemprestimos.com.br/caldas-novas.html]
[creditopopularemprestimos.com.br/wp-content/uploads/essential-addons-elementor/eael-1137cde6.css]
[creditopopularemprestimos.com.br/wp-json/wp/v2/lojas/1212.json]
[creditopopularemprestimos.com.br/wp-json/oembed/1.0/embedf78b]
[creditopopularemprestimos.com.br/wp-json/oembed/1.0/embeda4db]
[creditopopularemprestimos.com.br/wp-content/uploads/essential-addons-elementor/eael-1137cde6.js]
[creditopopularemprestimos.com.br/ceres.html]
[creditopopularemprestimos.com.br/wp-content/uploads/essential-addons-elementor/eael-11377f4a.css]
[creditopopularemprestimos.com.br/wp-json/wp/v2/lojas/1213.json]
[creditopopularemprestimos.com.br/wp-json/oembed/1.0/embed9df0]
[creditopopularemprestimos.com.br/wp-json/oembed/1.0/embed443b]
[creditopopularemprestimos.com.br/wp-content/uploads/essential-addons-elementor/eael-11377f4a.js]
[creditopopularemprestimos.com.br/crixas.html]
[creditopopularemprestimos.com.br/wp-content/uploads/essential-addons-elementor/eael-1137b003.css]
[creditopopularemprestimos.com.br/wp-json/wp/v2/lojas/1214.json]
[creditopopularemprestimos.com.br/wp-json/oembed/1.0/embedb1f3]
[creditopopularemprestimos.com.br/wp-json/oembed/1.0/embedfc8d]
[creditopopularemprestimos.com.br/wp-content/uploads/essential-addons-elementor/eael-1137b003.js]
[creditopopularemprestimos.com.br/goiatuba.html]
[creditopopularemprestimos.com.br/wp-content/uploads/essential-addons-elementor/eael-113779f4.css]
[creditopopularemprestimos.com.br/wp-json/wp/v2/lojas/1215.json]
[creditopopularemprestimos.com.br/wp-json/oembed/1.0/embed2535]
[creditopopularemprestimos.com.br/wp-json/oembed/1.0/embed0e74]
[creditopopularemprestimos.com.br/wp-content/uploads/essential-addons-elementor/eael-113779f4.js]
[creditopopularemprestimos.com.br/goianesia.html]
[creditopopularemprestimos.com.br/wp-content/uploads/essential-addons-elementor/eael-1137ef58.css]
[creditopopularemprestimos.com.br/wp-json/wp/v2/lojas/1216.json]
[creditopopularemprestimos.com.br/wp-json/oembed/1.0/embed69dd]
[creditopopularemprestimos.com.br/wp-json/oembed/1.0/embed2d12]
[creditopopularemprestimos.com.br/wp-content/uploads/essential-addons-elementor/eael-1137ef58.js]
[creditopopularemprestimos.com.br/goias.html]
[creditopopularemprestimos.com.br/wp-content/uploads/essential-addons-elementor/eael-11378b54.css]
[creditopopularemprestimos.com.br/wp-json/wp/v2/lojas/1217.json]
[creditopopularemprestimos.com.br/wp-json/oembed/1.0/embed2011]
[creditopopularemprestimos.com.br/wp-json/oembed/1.0/embedbe94]
[creditopopularemprestimos.com.br/wp-content/uploads/essential-addons-elementor/eael-11378b54.js]
[creditopopularemprestimos.com.br/inhumas.html]
[creditopopularemprestimos.com.br/wp-content/uploads/essential-addons-elementor/eael-1137a029.css]
[creditopopularemprestimos.com.br/wp-json/wp/v2/lojas/1218.json]
[creditopopularemprestimos.com.br/wp-json/oembed/1.0/embed05e1]
[creditopopularemprestimos.com.br/wp-json/oembed/1.0/embed3308]
[creditopopularemprestimos.com.br/wp-content/uploads/essential-addons-elementor/eael-1137a029.js]
[creditopopularemprestimos.com.br/itaberai.html]
[creditopopularemprestimos.com.br/wp-content/uploads/essential-addons-elementor/eael-113762a8.css]
[creditopopularemprestimos.com.br/wp-json/wp/v2/lojas/1219.json]
[creditopopularemprestimos.com.br/wp-json/oembed/1.0/embed1d80]
[creditopopularemprestimos.com.br/wp-json/oembed/1.0/embedb8df]
[creditopopularemprestimos.com.br/wp-content/uploads/essential-addons-elementor/eael-113762a8.js]
[creditopopularemprestimos.com.br/itapuranga.html]
[creditopopularemprestimos.com.br/wp-content/uploads/essential-addons-elementor/eael-1137ade5.css]
[creditopopularemprestimos.com.br/wp-json/wp/v2/lojas/1220.json]
[creditopopularemprestimos.com.br/wp-json/oembed/1.0/embed82b3]
[creditopopularemprestimos.com.br/wp-json/oembed/1.0/embed3fd9]
[creditopopularemprestimos.com.br/wp-content/uploads/essential-addons-elementor/eael-1137ade5.js]
[creditopopularemprestimos.com.br/itaucu.html]
[creditopopularemprestimos.com.br/wp-content/uploads/essential-addons-elementor/eael-11378078.css]
[creditopopularemprestimos.com.br/wp-json/wp/v2/lojas/1221.json]
[creditopopularemprestimos.com.br/wp-json/oembed/1.0/embed5493]
[creditopopularemprestimos.com.br/wp-json/oembed/1.0/embed561a]
[creditopopularemprestimos.com.br/wp-content/uploads/essential-addons-elementor/eael-11378078.js]
[creditopopularemprestimos.com.br/jaragua.html]
[creditopopularemprestimos.com.br/wp-content/uploads/essential-addons-elementor/eael-1137adef.css]
[creditopopularemprestimos.com.br/wp-json/wp/v2/lojas/1222.json]
[creditopopularemprestimos.com.br/wp-json/oembed/1.0/embed99ec]
[creditopopularemprestimos.com.br/wp-json/oembed/1.0/embed11f0]
[creditopopularemprestimos.com.br/wp-content/uploads/essential-addons-elementor/eael-1137adef.js]
[creditopopularemprestimos.com.br/jatai.html]
[creditopopularemprestimos.com.br/wp-content/uploads/essential-addons-elementor/eael-113797ee.css]
[creditopopularemprestimos.com.br/wp-json/wp/v2/lojas/1223.json]
[creditopopularemprestimos.com.br/wp-json/oembed/1.0/embed88e9]
[creditopopularemprestimos.com.br/wp-json/oembed/1.0/embed90cc]
[creditopopularemprestimos.com.br/wp-content/uploads/essential-addons-elementor/eael-113797ee.js]
[creditopopularemprestimos.com.br/minacu.html]
[creditopopularemprestimos.com.br/wp-content/uploads/essential-addons-elementor/eael-1137b3a5.css]
[creditopopularemprestimos.com.br/wp-json/wp/v2/lojas/1224.json]
[creditopopularemprestimos.com.br/wp-json/oembed/1.0/embedc329]
[creditopopularemprestimos.com.br/wp-json/oembed/1.0/embeda34b]
[creditopopularemprestimos.com.br/wp-content/uploads/essential-addons-elementor/eael-1137b3a5.js]
[creditopopularemprestimos.com.br/mineiros.html]
[creditopopularemprestimos.com.br/wp-content/uploads/essential-addons-elementor/eael-1137d3cb.css]
[creditopopularemprestimos.com.br/wp-json/wp/v2/lojas/1225.json]
[creditopopularemprestimos.com.br/wp-json/oembed/1.0/embedb89e]
[creditopopularemprestimos.com.br/wp-json/oembed/1.0/embedbd8d]
[creditopopularemprestimos.com.br/wp-content/uploads/essential-addons-elementor/eael-1137d3cb.js]
[creditopopularemprestimos.com.br/morrinhos.html]
[creditopopularemprestimos.com.br/wp-content/uploads/essential-addons-elementor/eael-1137dbf4.css]
[creditopopularemprestimos.com.br/wp-json/wp/v2/lojas/1226.json]
[creditopopularemprestimos.com.br/wp-json/oembed/1.0/embed8241]
[creditopopularemprestimos.com.br/wp-json/oembed/1.0/embed287a]
[creditopopularemprestimos.com.br/wp-content/uploads/essential-addons-elementor/eael-1137dbf4.js]
[creditopopularemprestimos.com.br/mozarlandia.html]
[creditopopularemprestimos.com.br/wp-content/uploads/essential-addons-elementor/eael-11375ef0.css]
[creditopopularemprestimos.com.br/wp-json/wp/v2/lojas/1227.json]
[creditopopularemprestimos.com.br/wp-json/oembed/1.0/embedca82]
[creditopopularemprestimos.com.br/wp-json/oembed/1.0/embed19cd]
[creditopopularemprestimos.com.br/wp-content/uploads/essential-addons-elementor/eael-11375ef0.js]
[creditopopularemprestimos.com.br/niquelandia.html]
[creditopopularemprestimos.com.br/wp-content/uploads/essential-addons-elementor/eael-11373a50.css]
[creditopopularemprestimos.com.br/wp-json/wp/v2/lojas/1228.json]
[creditopopularemprestimos.com.br/wp-json/oembed/1.0/embed367e]
[creditopopularemprestimos.com.br/wp-json/oembed/1.0/embed6563]
[creditopopularemprestimos.com.br/wp-content/uploads/essential-addons-elementor/eael-11373a50.js]
[creditopopularemprestimos.com.br/quirinopolis.html]
[creditopopularemprestimos.com.br/wp-content/uploads/essential-addons-elementor/eael-1137f55d.css]
[creditopopularemprestimos.com.br/wp-json/wp/v2/lojas/1229.json]
[creditopopularemprestimos.com.br/wp-json/oembed/1.0/embed43b2]
[creditopopularemprestimos.com.br/wp-json/oembed/1.0/embed859f]
[creditopopularemprestimos.com.br/wp-content/uploads/essential-addons-elementor/eael-1137f55d.js]
[creditopopularemprestimos.com.br/sao-luis-de-montes-belos.html]
[creditopopularemprestimos.com.br/wp-content/uploads/essential-addons-elementor/eael-1137d278.css]
[creditopopularemprestimos.com.br/wp-json/wp/v2/lojas/1230.json]
[creditopopularemprestimos.com.br/wp-json/oembed/1.0/embeda79b]
[creditopopularemprestimos.com.br/wp-json/oembed/1.0/embed6ff8]
[creditopopularemprestimos.com.br/wp-content/uploads/essential-addons-elementor/eael-1137d278.js]
[creditopopularemprestimos.com.br/sao-miguel-do-araguaia.html]
[creditopopularemprestimos.com.br/wp-content/uploads/essential-addons-elementor/eael-11378d19.css]
[creditopopularemprestimos.com.br/wp-json/wp/v2/lojas/1231.json]
[creditopopularemprestimos.com.br/wp-json/oembed/1.0/embedc7d4]
[creditopopularemprestimos.com.br/wp-json/oembed/1.0/embed1f98]
[creditopopularemprestimos.com.br/wp-content/uploads/essential-addons-elementor/eael-11378d19.js]
[creditopopularemprestimos.com.br/trindade.html]
[creditopopularemprestimos.com.br/wp-content/uploads/essential-addons-elementor/eael-11375ce4.css]
[creditopopularemprestimos.com.br/wp-json/wp/v2/lojas/1232.json]
[creditopopularemprestimos.com.br/wp-json/oembed/1.0/embed471f]
[creditopopularemprestimos.com.br/wp-json/oembed/1.0/embed8756]
[creditopopularemprestimos.com.br/wp-content/uploads/essential-addons-elementor/eael-11375ce4.js]
[creditopopularemprestimos.com.br/uruacu.html]
[creditopopularemprestimos.com.br/wp-content/uploads/elementor/css/post-989619e.css]
[creditopopularemprestimos.com.br/wp-content/plugins/elementor/assets/lib/font-awesome/webfonts/fa-regular-400.eot]
[creditopopularemprestimos.com.br/wp-content/plugins/elementor/assets/lib/font-awesome/webfonts/fa-regular-400d41d.eot]
[creditopopularemprestimos.com.br/wp-content/plugins/elementor/assets/lib/font-awesome/webfonts/fa-regular-400.woff2]
[creditopopularemprestimos.com.br/wp-content/plugins/elementor/assets/lib/font-awesome/webfonts/fa-regular-400.woff]
[creditopopularemprestimos.com.br/wp-content/plugins/elementor/assets/lib/font-awesome/webfonts/fa-regular-400.ttf]
[creditopopularemprestimos.com.br/wp-content/plugins/elementor/assets/lib/font-awesome/css/regular.min52d5.css]
[creditopopularemprestimos.com.br/index6dad.html]
[creditopopularemprestimos.com.br/wp-content/plugins/elementor/assets/lib/font-awesome/webfonts/fa-regular-400.svg]
[creditopopularemprestimos.com.br/wp-content/uploads/2023/06/cp-ita.jpg]
[creditopopularemprestimos.com.br/wp-content/uploads/elementor/css/post-171e23f.css]
[creditopopularemprestimos.com.br/indexa828.html]
[creditopopularemprestimos.com.br/wp-content/uploads/elementor/css/post-598bdbc.css]
[creditopopularemprestimos.com.br/index424e.html]
[creditopopularemprestimos.com.br/wp-content/uploads/essential-addons-elementor/eael-1137af38.css]
[creditopopularemprestimos.com.br/wp-content/plugins/essential-addons-for-elementor-lite/assets/admin/images/templately/logo-icon.svg]
[creditopopularemprestimos.com.br/wp-content/uploads/elementor/css/post-1137fae8.css]
[creditopopularemprestimos.com.br/wp-content/plugins/jeg-elementor-kit/assets/fonts/jkiticon/jkiticon7107.woff2]
[creditopopularemprestimos.com.br/wp-content/plugins/jeg-elementor-kit/assets/fonts/jkiticon/jkiticon7107.eot]
[creditopopularemprestimos.com.br/wp-content/plugins/jeg-elementor-kit/assets/fonts/jkiticon/jkiticon7107.woff]
[creditopopularemprestimos.com.br/wp-content/plugins/jeg-elementor-kit/assets/fonts/jkiticon/jkiticon7107.ttf]
[creditopopularemprestimos.com.br/wp-content/plugins/jeg-elementor-kit/assets/fonts/jkiticon/jkiticonc141.css]
[creditopopularemprestimos.com.br/index24d6.html]
[creditopopularemprestimos.com.br/wp-json/oembed/1.0/embed60a0.json]
[creditopopularemprestimos.com.br/wp-json/oembed/1.0/embede3e8]
[creditopopularemprestimos.com.br/wp-content/plugins/elementor/assets/lib/font-awesome/css/all.min03e2.css]
[creditopopularemprestimos.com.br/wp-content/plugins/elementor/assets/lib/font-awesome/css/v4-shims.min03e2.css]
[creditopopularemprestimos.com.br/wp-content/uploads/essential-addons-elementor/eael-11379e74.css]
[creditopopularemprestimos.com.br/index2b78.html]
[creditopopularemprestimos.com.br/wp-json/oembed/1.0/embed07ae.json]
[creditopopularemprestimos.com.br/wp-json/oembed/1.0/embedc6b0]
[creditopopularemprestimos.com.br/wp-content/uploads/essential-addons-elementor/eael-1137cde6.css]
[creditopopularemprestimos.com.br/index7caf.html]
[creditopopularemprestimos.com.br/wp-json/oembed/1.0/embedf78b.json]
[creditopopularemprestimos.com.br/wp-json/oembed/1.0/embeda4db]
[creditopopularemprestimos.com.br/wp-content/uploads/essential-addons-elementor/eael-11377f4a.css]
[creditopopularemprestimos.com.br/index6b98.html]
[creditopopularemprestimos.com.br/wp-json/oembed/1.0/embed9df0.json]
[creditopopularemprestimos.com.br/wp-json/oembed/1.0/embed443b]
[creditopopularemprestimos.com.br/wp-content/uploads/essential-addons-elementor/eael-1137b003.css]
[creditopopularemprestimos.com.br/index391d.html]
[creditopopularemprestimos.com.br/wp-json/oembed/1.0/embedb1f3.json]
[creditopopularemprestimos.com.br/wp-json/oembed/1.0/embedfc8d]
[creditopopularemprestimos.com.br/wp-content/uploads/essential-addons-elementor/eael-113779f4.css]
[creditopopularemprestimos.com.br/indexcef9.html]
[creditopopularemprestimos.com.br/wp-json/oembed/1.0/embed2535.json]
[creditopopularemprestimos.com.br/wp-json/oembed/1.0/embed0e74]
[creditopopularemprestimos.com.br/wp-content/uploads/essential-addons-elementor/eael-1137ef58.css]
[creditopopularemprestimos.com.br/index9f30.html]
[creditopopularemprestimos.com.br/wp-json/oembed/1.0/embed69dd.json]
[creditopopularemprestimos.com.br/wp-json/oembed/1.0/embed2d12]
[creditopopularemprestimos.com.br/wp-content/uploads/essential-addons-elementor/eael-11378b54.css]
[creditopopularemprestimos.com.br/index6f3b.html]
[creditopopularemprestimos.com.br/wp-json/oembed/1.0/embed2011.json]
[creditopopularemprestimos.com.br/wp-json/oembed/1.0/embedbe94]
[creditopopularemprestimos.com.br/wp-content/uploads/essential-addons-elementor/eael-1137a029.css]
[creditopopularemprestimos.com.br/index9e83.html]
[creditopopularemprestimos.com.br/wp-json/oembed/1.0/embed05e1.json]
[creditopopularemprestimos.com.br/wp-json/oembed/1.0/embed3308]
[creditopopularemprestimos.com.br/wp-content/uploads/essential-addons-elementor/eael-113762a8.css]
[creditopopularemprestimos.com.br/indexb213.html]
[creditopopularemprestimos.com.br/wp-json/oembed/1.0/embed1d80.json]
[creditopopularemprestimos.com.br/wp-json/oembed/1.0/embedb8df]
[creditopopularemprestimos.com.br/wp-content/uploads/essential-addons-elementor/eael-1137ade5.css]
[creditopopularemprestimos.com.br/indexa731.html]
[creditopopularemprestimos.com.br/wp-json/oembed/1.0/embed82b3.json]
[creditopopularemprestimos.com.br/wp-json/oembed/1.0/embed3fd9]
[creditopopularemprestimos.com.br/wp-content/uploads/essential-addons-elementor/eael-11378078.css]
[creditopopularemprestimos.com.br/index1596.html]
[creditopopularemprestimos.com.br/wp-json/oembed/1.0/embed5493.json]
[creditopopularemprestimos.com.br/wp-json/oembed/1.0/embed561a]
[creditopopularemprestimos.com.br/wp-content/uploads/essential-addons-elementor/eael-1137adef.css]
[creditopopularemprestimos.com.br/index5708.html]
[creditopopularemprestimos.com.br/wp-json/oembed/1.0/embed99ec.json]
[creditopopularemprestimos.com.br/wp-json/oembed/1.0/embed11f0]
[creditopopularemprestimos.com.br/wp-content/uploads/essential-addons-elementor/eael-113797ee.css]
[creditopopularemprestimos.com.br/index6bb7.html]
[creditopopularemprestimos.com.br/wp-json/oembed/1.0/embed88e9.json]
[creditopopularemprestimos.com.br/wp-json/oembed/1.0/embed90cc]
[creditopopularemprestimos.com.br/wp-content/uploads/essential-addons-elementor/eael-1137b3a5.css]
[creditopopularemprestimos.com.br/index744c.html]
[creditopopularemprestimos.com.br/wp-json/oembed/1.0/embedc329.json]
[creditopopularemprestimos.com.br/wp-json/oembed/1.0/embeda34b]
[creditopopularemprestimos.com.br/wp-content/uploads/essential-addons-elementor/eael-1137d3cb.css]
[creditopopularemprestimos.com.br/indexf5cb.html]
[creditopopularemprestimos.com.br/wp-json/oembed/1.0/embedb89e.json]
[creditopopularemprestimos.com.br/wp-json/oembed/1.0/embedbd8d]
[creditopopularemprestimos.com.br/wp-content/uploads/essential-addons-elementor/eael-1137dbf4.css]
[creditopopularemprestimos.com.br/indexa5f9.html]
[creditopopularemprestimos.com.br/wp-json/oembed/1.0/embed8241.json]
[creditopopularemprestimos.com.br/wp-json/oembed/1.0/embed287a]
[creditopopularemprestimos.com.br/wp-content/uploads/essential-addons-elementor/eael-11375ef0.css]
[creditopopularemprestimos.com.br/indexc7c9.html]
[creditopopularemprestimos.com.br/wp-json/oembed/1.0/embedca82.json]
[creditopopularemprestimos.com.br/wp-json/oembed/1.0/embed19cd]
[creditopopularemprestimos.com.br/wp-content/uploads/essential-addons-elementor/eael-11373a50.css]
[creditopopularemprestimos.com.br/index5e1c.html]
[creditopopularemprestimos.com.br/wp-json/oembed/1.0/embed367e.json]
[creditopopularemprestimos.com.br/wp-json/oembed/1.0/embed6563]
[creditopopularemprestimos.com.br/wp-content/uploads/essential-addons-elementor/eael-1137f55d.css]
[creditopopularemprestimos.com.br/indexde04.html]
[creditopopularemprestimos.com.br/wp-json/oembed/1.0/embed43b2.json]
[creditopopularemprestimos.com.br/wp-json/oembed/1.0/embed859f]
[creditopopularemprestimos.com.br/wp-content/uploads/essential-addons-elementor/eael-1137d278.css]
[creditopopularemprestimos.com.br/index2842.html]
[creditopopularemprestimos.com.br/wp-json/oembed/1.0/embeda79b.json]
[creditopopularemprestimos.com.br/wp-json/oembed/1.0/embed6ff8]
[creditopopularemprestimos.com.br/wp-content/uploads/essential-addons-elementor/eael-11378d19.css]
[creditopopularemprestimos.com.br/indexb88e.html]
[creditopopularemprestimos.com.br/wp-json/oembed/1.0/embedc7d4.json]
[creditopopularemprestimos.com.br/wp-json/oembed/1.0/embed1f98]
[creditopopularemprestimos.com.br/wp-content/uploads/essential-addons-elementor/eael-11375ce4.css]
[creditopopularemprestimos.com.br/index2167.html]
[creditopopularemprestimos.com.br/wp-json/oembed/1.0/embed471f.json]
[creditopopularemprestimos.com.br/wp-json/oembed/1.0/embed8756]
[creditopopularemprestimos.com.br/wp-content/plugins/elementor/assets/lib/font-awesome/webfonts/fa-regular-400.svg]
[creditopopularemprestimos.com.br/wp-content/plugins/jeg-elementor-kit/assets/fonts/jkiticon/jkiticon7107.svg]
[creditopopularemprestimos.com.br/wp-content/plugins/jeg-elementor-kit/assets/fonts/jkiticon/jkiticon7107.svg]
